[backblue.gif]
[fade.gif]
[index.html]
[drglacus.com.br/images/icons/favicon.png]
[drglacus.com.br/js/vendor/modernizr-custom.js]
[drglacus.com.br/images/logo.png]
[drglacus.com.br/images/index/dentist/001-thumbs.jpg]
[drglacus.com.br/images/index/dentist/001.jpg]
[drglacus.com.br/images/index/dentist/002.png]
[drglacus.com.br/images/index/dentist/003.png]
[drglacus.com.br/images/index/dentist/004.png]
[drglacus.com.br/images/index/dentist/005.jpg]
[drglacus.com.br/images/index/dentist/006.jpg]
[drglacus.com.br/images/index/dentist/007.jpg]
[drglacus.com.br/images/index/dentist/008.jpg]
[drglacus.com.br/images/index/dentist/011.jpg]
[drglacus.com.br/images/index/dentist/012-thumbs.jpg]
[drglacus.com.br/images/index/dentist/013-thumbs.jpg]
[drglacus.com.br/images/index/dentist/014-thumbs.jpg]
[drglacus.com.br/images/index/dentist/015-thumbs.jpg]
[drglacus.com.br/images/index/dentist/016-thumbs.jpg]
[drglacus.com.br/wz-pulsando.gif]
[drglacus.com.br/js/vendor/jquery.min.js]
[drglacus.com.br/js/vendor/bootstrap/js/bootstrap.min.js]
[drglacus.com.br/js/plugins.js]
[drglacus.com.br/js/scripts.js]
[drglacus.com.br/js/plugins/slider-revolution/js/jquery.themepunch.tools.min.js]
[drglacus.com.br/js/plugins/slider-revolution/js/jquery.themepunch.revolution.min.js]
[drglacus.com.br/index.html]
[drglacus.com.br/js/vendor/bootstrap/fonts/glyphicons-halflings-regular.eot]
[drglacus.com.br/js/vendor/bootstrap/fonts/glyphicons-halflings-regulard41d.eot]
[drglacus.com.br/js/vendor/bootstrap/css/bootstrap.min.css]
[drglacus.com.br/fonts/font-awesome/fonts/fontawesome-webfont3e6e.eot]
[drglacus.com.br/fonts/font-awesome/fonts/fontawesome-webfontd41d.eot]
[drglacus.com.br/fonts/font-awesome/css/font-awesome.min.css]
[drglacus.com.br/css/plugins.css]
[templates.graphicfort.com/plume/images/misc/select-arrows.png]
[drglacus.com.br/css/style.css]
[drglacus.com.br/css/responsive.css]
[drglacus.com.br/index-2.html]
[drglacus.com.br/images/index/dentist/002.png]
[drglacus.com.br/images/index/dentist/003.png]
[drglacus.com.br/images/index/dentist/004.png]
[drglacus.com.br/js/plugins/slider-revolution/fonts/revicons/revicons90c6.eot]
[drglacus.com.br/js/plugins/slider-revolution/assets/gridtile.png]
[drglacus.com.br/js/plugins/slider-revolution/assets/gridtile_white.png]
[drglacus.com.br/js/plugins/slider-revolution/assets/gridtile_3x3.png]
[drglacus.com.br/js/plugins/slider-revolution/assets/gridtile_3x3_white.png]
[drglacus.com.br/js/plugins/slider-revolution/assets/coloredbg.png]
[drglacus.com.br/js/plugins/slider-revolution/assets/loader.gif]
[drglacus.com.br/js/plugins/slider-revolution/css/settings.css]
[drglacus.com.br/js/plugins/slider-revolution/css/layers.css]
[drglacus.com.br/js/plugins/slider-revolution/css/navigation.css]
[drglacus.com.br/js/vendor/bootstrap/fonts/glyphicons-halflings-regular.html]
[drglacus.com.br/js/vendor/bootstrap/fonts/glyphicons-halflings-regular-2.html]
[drglacus.com.br/js/vendor/bootstrap/fonts/glyphicons-halflings-regular-3.html]
[drglacus.com.br/js/vendor/bootstrap/fonts/glyphicons-halflings-regular.svg]
[drglacus.com.br/fonts/font-awesome/fonts/fontawesome-webfont3e6e.html]
[drglacus.com.br/fonts/font-awesome/fonts/fontawesome-webfont3e6e-2.html]
[drglacus.com.br/fonts/font-awesome/fonts/fontawesome-webfont3e6e-3.html]
[drglacus.com.br/fonts/font-awesome/fonts/fontawesome-webfont3e6e.svg]
[drglacus.com.br/fonts/font-awesome/fonts/Philosopher-Regular.html]
[drglacus.com.br/js/plugins/slider-revolution/fonts/revicons/revicons90c6.html]
[drglacus.com.br/js/plugins/slider-revolution/fonts/revicons/revicons90c6-2.html]
[drglacus.com.br/js/plugins/slider-revolution/fonts/revicons/revicons90c6.svg]
[drglacus.com.br/js/plugins/slider-revolution/css/openhand.html]
[drglacus.com.br/js/plugins/slider-revolution/css/closedhand.html]
